mode: set
github.com/Kush-Singh-26/kosh/internal/build/build.go:28.13,30.16 2 1
github.com/Kush-Singh-26/kosh/internal/build/build.go:30.16,35.3 2 0
github.com/Kush-Singh-26/kosh/internal/build/build.go:36.2,36.35 1 1
github.com/Kush-Singh-26/kosh/internal/build/build.go:41.56,43.2 1 1
github.com/Kush-Singh-26/kosh/internal/build/build.go:45.71,47.2 1 1
github.com/Kush-Singh-26/kosh/internal/build/build.go:49.100,58.16 7 1
github.com/Kush-Singh-26/kosh/internal/build/build.go:58.16,60.25 1 1
github.com/Kush-Singh-26/kosh/internal/build/build.go:60.25,63.4 2 1
github.com/Kush-Singh-26/kosh/internal/build/build.go:64.3,65.29 2 1
github.com/Kush-Singh-26/kosh/internal/build/build.go:66.8,69.3 2 1
github.com/Kush-Singh-26/kosh/internal/build/build.go:71.2,71.65 1 1
github.com/Kush-Singh-26/kosh/internal/build/build.go:71.65,73.3 1 1
github.com/Kush-Singh-26/kosh/internal/build/build.go:76.2,77.74 2 1
github.com/Kush-Singh-26/kosh/internal/build/build.go:77.74,78.31 1 1
github.com/Kush-Singh-26/kosh/internal/build/build.go:78.31,80.4 1 1
github.com/Kush-Singh-26/kosh/internal/build/build.go:81.3,81.61 1 1
github.com/Kush-Singh-26/kosh/internal/build/build.go:82.8,84.36 1 1
github.com/Kush-Singh-26/kosh/internal/build/build.go:84.36,86.59 2 1
github.com/Kush-Singh-26/kosh/internal/build/build.go:86.59,91.5 4 1
github.com/Kush-Singh-26/kosh/internal/build/build.go:93.3,93.47 1 1
github.com/Kush-Singh-26/kosh/internal/build/build.go:97.2,97.16 1 1
github.com/Kush-Singh-26/kosh/internal/build/build.go:97.16,101.17 3 1
github.com/Kush-Singh-26/kosh/internal/build/build.go:101.17,104.4 2 0
github.com/Kush-Singh-26/kosh/internal/build/build.go:105.8,111.36 5 1
github.com/Kush-Singh-26/kosh/internal/build/build.go:111.36,113.4 1 0
github.com/Kush-Singh-26/kosh/internal/build/build.go:114.3,117.21 2 1
github.com/Kush-Singh-26/kosh/internal/build/build.go:117.21,121.4 3 0
github.com/Kush-Singh-26/kosh/internal/build/build.go:124.2,124.70 1 1
github.com/Kush-Singh-26/kosh/internal/build/build.go:124.70,127.3 2 1
github.com/Kush-Singh-26/kosh/internal/build/build.go:128.2,128.70 1 1
github.com/Kush-Singh-26/kosh/internal/build/build.go:128.70,131.3 2 0
github.com/Kush-Singh-26/kosh/internal/build/build.go:133.2,136.13 2 1
github.com/Kush-Singh-26/kosh/internal/build/build.go:139.52,142.2 2 1
github.com/Kush-Singh-26/kosh/internal/build/build.go:144.34,146.2 1 1
github.com/Kush-Singh-26/kosh/internal/build/build.go:148.83,150.16 2 1
github.com/Kush-Singh-26/kosh/internal/build/build.go:150.16,151.37 1 1
github.com/Kush-Singh-26/kosh/internal/build/build.go:151.37,153.4 1 1
github.com/Kush-Singh-26/kosh/internal/build/build.go:154.3,155.46 2 0
github.com/Kush-Singh-26/kosh/internal/build/build.go:157.2,157.61 1 1
github.com/Kush-Singh-26/kosh/internal/build/build.go:160.24,162.9 2 1
github.com/Kush-Singh-26/kosh/internal/build/build.go:162.9,164.3 1 0
github.com/Kush-Singh-26/kosh/internal/build/build.go:165.2,165.70 1 1
github.com/Kush-Singh-26/kosh/internal/build/build.go:168.39,171.2 2 1
github.com/Kush-Singh-26/kosh/internal/build/build.go:175.88,176.47 1 1
github.com/Kush-Singh-26/kosh/internal/build/build.go:176.47,178.3 1 1
github.com/Kush-Singh-26/kosh/internal/build/build.go:180.2,182.29 3 1
github.com/Kush-Singh-26/kosh/internal/build/build.go:182.29,184.3 1 1
github.com/Kush-Singh-26/kosh/internal/build/build.go:185.2,186.30 2 1
github.com/Kush-Singh-26/kosh/internal/build/build.go:186.30,188.3 1 1
github.com/Kush-Singh-26/kosh/internal/build/build.go:190.2,193.65 2 1
github.com/Kush-Singh-26/kosh/internal/build/build.go:193.65,195.3 1 0
github.com/Kush-Singh-26/kosh/internal/build/build.go:197.2,203.34 6 1
github.com/Kush-Singh-26/kosh/internal/build/build.go:203.34,205.3 1 1
github.com/Kush-Singh-26/kosh/internal/build/build.go:207.2,208.12 2 0
github.com/Kush-Singh-26/kosh/internal/build/build.go:211.69,214.30 3 1
github.com/Kush-Singh-26/kosh/internal/build/build.go:214.30,216.3 1 1
github.com/Kush-Singh-26/kosh/internal/build/build.go:218.2,224.18 6 1
github.com/Kush-Singh-26/kosh/internal/build/build.go:228.36,230.41 2 1
github.com/Kush-Singh-26/kosh/internal/build/build.go:230.41,232.3 1 0
github.com/Kush-Singh-26/kosh/internal/build/build.go:233.2,235.38 3 1
github.com/Kush-Singh-26/kosh/internal/build/build.go:238.59,240.16 2 1
github.com/Kush-Singh-26/kosh/internal/build/build.go:240.16,242.3 1 1
github.com/Kush-Singh-26/kosh/internal/build/build.go:243.2,243.15 1 1
github.com/Kush-Singh-26/kosh/internal/build/build.go:243.15,243.32 1 1
github.com/Kush-Singh-26/kosh/internal/build/build.go:245.2,246.41 2 1
github.com/Kush-Singh-26/kosh/internal/build/build.go:246.41,248.3 1 0
github.com/Kush-Singh-26/kosh/internal/build/build.go:249.2,251.43 3 1
github.com/Kush-Singh-26/kosh/internal/build/build.go:254.44,256.2 1 1
github.com/Kush-Singh-26/kosh/internal/build/build.go:258.59,260.2 1 1
github.com/Kush-Singh-26/kosh/internal/build/build.go:263.75,265.16 2 1
github.com/Kush-Singh-26/kosh/internal/build/build.go:265.16,267.3 1 1
github.com/Kush-Singh-26/kosh/internal/build/build.go:268.2,268.15 1 1
github.com/Kush-Singh-26/kosh/internal/build/build.go:268.15,268.33 1 1
github.com/Kush-Singh-26/kosh/internal/build/build.go:270.2,271.16 2 1
github.com/Kush-Singh-26/kosh/internal/build/build.go:271.16,273.3 1 0
github.com/Kush-Singh-26/kosh/internal/build/build.go:274.2,274.15 1 1
github.com/Kush-Singh-26/kosh/internal/build/build.go:274.15,274.34 1 1
github.com/Kush-Singh-26/kosh/internal/build/build.go:276.2,280.20 4 1
github.com/Kush-Singh-26/kosh/internal/build/build.go:280.20,282.3 1 0
github.com/Kush-Singh-26/kosh/internal/build/build.go:283.2,283.17 1 1
