mode: set
github.com/Kush-Singh-26/kosh/builder/renderer/render_page.go:10.66,20.19 5 1
github.com/Kush-Singh-26/kosh/builder/renderer/render_page.go:20.19,23.3 2 1
github.com/Kush-Singh-26/kosh/builder/renderer/render_page.go:26.2,29.50 3 1
github.com/Kush-Singh-26/kosh/builder/renderer/render_page.go:29.50,32.3 2 1
github.com/Kush-Singh-26/kosh/builder/renderer/render_page.go:35.2,36.31 2 1
github.com/Kush-Singh-26/kosh/builder/renderer/render_page.go:36.31,38.3 1 1
github.com/Kush-Singh-26/kosh/builder/renderer/render_page.go:38.8,40.3 1 1
github.com/Kush-Singh-26/kosh/builder/renderer/render_page.go:43.2,43.16 1 1
github.com/Kush-Singh-26/kosh/builder/renderer/render_page.go:43.16,45.17 2 1
github.com/Kush-Singh-26/kosh/builder/renderer/render_page.go:45.17,47.4 1 1
github.com/Kush-Singh-26/kosh/builder/renderer/render_page.go:51.2,51.58 1 1
github.com/Kush-Singh-26/kosh/builder/renderer/render_page.go:51.58,54.3 2 1
github.com/Kush-Singh-26/kosh/builder/renderer/render_page.go:56.2,56.16 1 1
github.com/Kush-Singh-26/kosh/builder/renderer/render_page.go:56.16,59.3 2 1
github.com/Kush-Singh-26/kosh/builder/renderer/render_page.go:59.8,61.3 1 1
github.com/Kush-Singh-26/kosh/builder/renderer/render_special.go:10.67,22.18 9 1
github.com/Kush-Singh-26/kosh/builder/renderer/render_special.go:22.18,24.3 1 1
github.com/Kush-Singh-26/kosh/builder/renderer/render_special.go:24.8,24.26 1 1
github.com/Kush-Singh-26/kosh/builder/renderer/render_special.go:24.26,26.3 1 1
github.com/Kush-Singh-26/kosh/builder/renderer/render_special.go:26.8,29.3 2 1
github.com/Kush-Singh-26/kosh/builder/renderer/render_special.go:31.2,31.20 1 1
github.com/Kush-Singh-26/kosh/builder/renderer/render_special.go:31.20,34.3 2 0
github.com/Kush-Singh-26/kosh/builder/renderer/render_special.go:37.2,38.31 2 1
github.com/Kush-Singh-26/kosh/builder/renderer/render_special.go:38.31,40.3 1 0
github.com/Kush-Singh-26/kosh/builder/renderer/render_special.go:40.8,42.3 1 1
github.com/Kush-Singh-26/kosh/builder/renderer/render_special.go:44.2,44.16 1 1
github.com/Kush-Singh-26/kosh/builder/renderer/render_special.go:44.16,46.17 2 0
github.com/Kush-Singh-26/kosh/builder/renderer/render_special.go:46.17,48.4 1 0
github.com/Kush-Singh-26/kosh/builder/renderer/render_special.go:51.2,51.61 1 1
github.com/Kush-Singh-26/kosh/builder/renderer/render_special.go:51.61,54.3 2 1
github.com/Kush-Singh-26/kosh/builder/renderer/render_special.go:56.2,56.20 1 1
github.com/Kush-Singh-26/kosh/builder/renderer/render_special.go:56.20,58.3 1 0
github.com/Kush-Singh-26/kosh/builder/renderer/render_special.go:58.8,60.3 1 1
github.com/Kush-Singh-26/kosh/builder/renderer/render_special.go:63.67,70.18 5 1
github.com/Kush-Singh-26/kosh/builder/renderer/render_special.go:70.18,72.3 1 1
github.com/Kush-Singh-26/kosh/builder/renderer/render_special.go:74.2,77.49 3 1
github.com/Kush-Singh-26/kosh/builder/renderer/render_special.go:77.49,80.3 2 0
github.com/Kush-Singh-26/kosh/builder/renderer/render_special.go:83.2,84.31 2 1
github.com/Kush-Singh-26/kosh/builder/renderer/render_special.go:84.31,86.3 1 0
github.com/Kush-Singh-26/kosh/builder/renderer/render_special.go:86.8,88.3 1 1
github.com/Kush-Singh-26/kosh/builder/renderer/render_special.go:90.2,90.16 1 1
github.com/Kush-Singh-26/kosh/builder/renderer/render_special.go:90.16,92.17 2 0
github.com/Kush-Singh-26/kosh/builder/renderer/render_special.go:92.17,94.4 1 0
github.com/Kush-Singh-26/kosh/builder/renderer/render_special.go:97.2,97.63 1 1
github.com/Kush-Singh-26/kosh/builder/renderer/render_special.go:97.63,100.3 2 1
github.com/Kush-Singh-26/kosh/builder/renderer/render_special.go:102.2,102.21 1 1
github.com/Kush-Singh-26/kosh/builder/renderer/render_special.go:102.21,104.3 1 0
github.com/Kush-Singh-26/kosh/builder/renderer/render_special.go:104.8,106.3 1 1
github.com/Kush-Singh-26/kosh/builder/renderer/render_special.go:109.65,121.21 9 1
github.com/Kush-Singh-26/kosh/builder/renderer/render_special.go:121.21,123.3 1 1
github.com/Kush-Singh-26/kosh/builder/renderer/render_special.go:123.8,123.26 1 1
github.com/Kush-Singh-26/kosh/builder/renderer/render_special.go:123.26,125.3 1 1
github.com/Kush-Singh-26/kosh/builder/renderer/render_special.go:125.8,128.3 2 1
github.com/Kush-Singh-26/kosh/builder/renderer/render_special.go:130.2,130.20 1 1
github.com/Kush-Singh-26/kosh/builder/renderer/render_special.go:130.20,133.3 2 0
github.com/Kush-Singh-26/kosh/builder/renderer/render_special.go:136.2,137.31 2 1
github.com/Kush-Singh-26/kosh/builder/renderer/render_special.go:137.31,139.3 1 0
github.com/Kush-Singh-26/kosh/builder/renderer/render_special.go:139.8,141.3 1 1
github.com/Kush-Singh-26/kosh/builder/renderer/render_special.go:143.2,143.16 1 1
github.com/Kush-Singh-26/kosh/builder/renderer/render_special.go:143.16,145.17 2 0
github.com/Kush-Singh-26/kosh/builder/renderer/render_special.go:145.17,147.4 1 0
github.com/Kush-Singh-26/kosh/builder/renderer/render_special.go:150.2,150.63 1 1
github.com/Kush-Singh-26/kosh/builder/renderer/render_special.go:150.63,153.3 2 1
github.com/Kush-Singh-26/kosh/builder/renderer/render_special.go:155.2,155.21 1 1
github.com/Kush-Singh-26/kosh/builder/renderer/render_special.go:155.21,157.3 1 0
github.com/Kush-Singh-26/kosh/builder/renderer/render_special.go:157.8,159.3 1 1
github.com/Kush-Singh-26/kosh/builder/renderer/renderer.go:54.115,56.2 1 1
github.com/Kush-Singh-26/kosh/builder/renderer/renderer.go:58.140,70.2 3 1
github.com/Kush-Singh-26/kosh/builder/renderer/renderer.go:72.53,74.2 1 1
github.com/Kush-Singh-26/kosh/builder/renderer/renderer.go:76.38,86.16 6 1
github.com/Kush-Singh-26/kosh/builder/renderer/renderer.go:86.16,95.3 8 1
github.com/Kush-Singh-26/kosh/builder/renderer/renderer.go:97.2,100.50 1 1
github.com/Kush-Singh-26/kosh/builder/renderer/renderer.go:100.50,102.4 1 0
github.com/Kush-Singh-26/kosh/builder/renderer/renderer.go:104.59,105.22 1 0
github.com/Kush-Singh-26/kosh/builder/renderer/renderer.go:105.22,107.5 1 0
github.com/Kush-Singh-26/kosh/builder/renderer/renderer.go:110.4,110.108 1 0
github.com/Kush-Singh-26/kosh/builder/renderer/renderer.go:110.108,112.5 1 0
github.com/Kush-Singh-26/kosh/builder/renderer/renderer.go:115.4,116.22 2 0
github.com/Kush-Singh-26/kosh/builder/renderer/renderer.go:116.22,118.5 1 0
github.com/Kush-Singh-26/kosh/builder/renderer/renderer.go:120.4,120.21 1 0
github.com/Kush-Singh-26/kosh/builder/renderer/renderer.go:120.21,122.5 1 0
github.com/Kush-Singh-26/kosh/builder/renderer/renderer.go:125.4,125.55 1 0
github.com/Kush-Singh-26/kosh/builder/renderer/renderer.go:125.55,126.15 1 0
github.com/Kush-Singh-26/kosh/builder/renderer/renderer.go:126.15,128.6 1 0
github.com/Kush-Singh-26/kosh/builder/renderer/renderer.go:129.5,129.20 1 0
github.com/Kush-Singh-26/kosh/builder/renderer/renderer.go:132.4,132.14 1 0
github.com/Kush-Singh-26/kosh/builder/renderer/renderer.go:132.14,134.5 1 0
github.com/Kush-Singh-26/kosh/builder/renderer/renderer.go:135.4,135.28 1 0
github.com/Kush-Singh-26/kosh/builder/renderer/renderer.go:142.2,150.20 3 1
github.com/Kush-Singh-26/kosh/builder/renderer/renderer.go:150.20,153.17 3 1
github.com/Kush-Singh-26/kosh/builder/renderer/renderer.go:153.17,155.4 1 0
github.com/Kush-Singh-26/kosh/builder/renderer/renderer.go:156.3,157.17 2 1
github.com/Kush-Singh-26/kosh/builder/renderer/renderer.go:157.17,159.4 1 0
github.com/Kush-Singh-26/kosh/builder/renderer/renderer.go:160.3,163.18 4 1
github.com/Kush-Singh-26/kosh/builder/renderer/renderer.go:163.18,165.4 1 1
github.com/Kush-Singh-26/kosh/builder/renderer/renderer.go:166.3,167.13 2 1
github.com/Kush-Singh-26/kosh/builder/renderer/renderer.go:171.2,171.20 1 1
github.com/Kush-Singh-26/kosh/builder/renderer/renderer.go:171.20,174.17 3 1
github.com/Kush-Singh-26/kosh/builder/renderer/renderer.go:174.17,177.4 2 1
github.com/Kush-Singh-26/kosh/builder/renderer/renderer.go:178.3,179.17 2 1
github.com/Kush-Singh-26/kosh/builder/renderer/renderer.go:179.17,182.4 2 0
github.com/Kush-Singh-26/kosh/builder/renderer/renderer.go:183.3,186.18 4 1
github.com/Kush-Singh-26/kosh/builder/renderer/renderer.go:186.18,188.4 1 1
github.com/Kush-Singh-26/kosh/builder/renderer/renderer.go:189.3,190.13 2 1
github.com/Kush-Singh-26/kosh/builder/renderer/renderer.go:194.2,194.20 1 1
github.com/Kush-Singh-26/kosh/builder/renderer/renderer.go:194.20,197.17 3 1
github.com/Kush-Singh-26/kosh/builder/renderer/renderer.go:197.17,200.4 2 1
github.com/Kush-Singh-26/kosh/builder/renderer/renderer.go:201.3,202.17 2 1
github.com/Kush-Singh-26/kosh/builder/renderer/renderer.go:202.17,205.4 2 0
github.com/Kush-Singh-26/kosh/builder/renderer/renderer.go:206.3,209.18 4 1
github.com/Kush-Singh-26/kosh/builder/renderer/renderer.go:209.18,211.4 1 1
github.com/Kush-Singh-26/kosh/builder/renderer/renderer.go:212.3,213.13 2 1
github.com/Kush-Singh-26/kosh/builder/renderer/renderer.go:217.2,217.20 1 1
github.com/Kush-Singh-26/kosh/builder/renderer/renderer.go:217.20,220.17 3 1
github.com/Kush-Singh-26/kosh/builder/renderer/renderer.go:220.17,223.4 2 1
github.com/Kush-Singh-26/kosh/builder/renderer/renderer.go:224.3,225.17 2 0
github.com/Kush-Singh-26/kosh/builder/renderer/renderer.go:225.17,228.4 2 0
github.com/Kush-Singh-26/kosh/builder/renderer/renderer.go:229.3,232.18 4 0
github.com/Kush-Singh-26/kosh/builder/renderer/renderer.go:232.18,234.4 1 0
github.com/Kush-Singh-26/kosh/builder/renderer/renderer.go:235.3,236.13 2 0
github.com/Kush-Singh-26/kosh/builder/renderer/renderer.go:240.2,241.20 2 1
github.com/Kush-Singh-26/kosh/builder/renderer/renderer.go:241.20,244.17 3 1
github.com/Kush-Singh-26/kosh/builder/renderer/renderer.go:244.17,246.4 1 1
github.com/Kush-Singh-26/kosh/builder/renderer/renderer.go:247.3,248.17 2 0
github.com/Kush-Singh-26/kosh/builder/renderer/renderer.go:248.17,251.4 2 0
github.com/Kush-Singh-26/kosh/builder/renderer/renderer.go:252.3,255.18 4 0
github.com/Kush-Singh-26/kosh/builder/renderer/renderer.go:255.18,257.4 1 0
github.com/Kush-Singh-26/kosh/builder/renderer/renderer.go:258.3,259.13 2 0
github.com/Kush-Singh-26/kosh/builder/renderer/renderer.go:262.2,262.33 1 1
github.com/Kush-Singh-26/kosh/builder/renderer/renderer.go:262.33,265.3 2 0
github.com/Kush-Singh-26/kosh/builder/renderer/renderer.go:267.2,273.15 7 1
github.com/Kush-Singh-26/kosh/builder/renderer/renderer.go:276.46,282.2 4 1
github.com/Kush-Singh-26/kosh/builder/renderer/renderer.go:284.55,286.46 1 1
github.com/Kush-Singh-26/kosh/builder/renderer/renderer.go:286.46,288.3 1 0
github.com/Kush-Singh-26/kosh/builder/renderer/renderer.go:290.2,295.17 6 1
github.com/Kush-Singh-26/kosh/builder/renderer/renderer.go:298.41,303.2 4 1
github.com/Kush-Singh-26/kosh/builder/renderer/renderer.go:305.56,313.47 6 1
github.com/Kush-Singh-26/kosh/builder/renderer/renderer.go:313.47,316.3 2 1
github.com/Kush-Singh-26/kosh/builder/renderer/renderer.go:317.2,317.21 1 1
github.com/Kush-Singh-26/kosh/builder/renderer/renderer.go:321.59,322.24 1 1
github.com/Kush-Singh-26/kosh/builder/renderer/renderer.go:322.24,324.3 1 1
github.com/Kush-Singh-26/kosh/builder/renderer/renderer.go:327.2,327.26 1 1
github.com/Kush-Singh-26/kosh/builder/renderer/renderer.go:327.26,329.52 2 1
github.com/Kush-Singh-26/kosh/builder/renderer/renderer.go:329.52,331.4 1 1
github.com/Kush-Singh-26/kosh/builder/renderer/renderer.go:331.9,335.34 4 1
github.com/Kush-Singh-26/kosh/builder/renderer/renderer.go:335.34,337.23 2 1
github.com/Kush-Singh-26/kosh/builder/renderer/renderer.go:337.23,339.6 1 1
github.com/Kush-Singh-26/kosh/builder/renderer/renderer.go:340.5,340.22 1 1
github.com/Kush-Singh-26/kosh/builder/renderer/renderer.go:340.22,342.6 1 1
github.com/Kush-Singh-26/kosh/builder/renderer/renderer.go:342.11,342.63 1 1
github.com/Kush-Singh-26/kosh/builder/renderer/renderer.go:342.63,344.6 1 1
github.com/Kush-Singh-26/kosh/builder/renderer/renderer.go:344.11,346.6 1 1
github.com/Kush-Singh-26/kosh/builder/renderer/renderer.go:348.4,349.35 2 1
github.com/Kush-Singh-26/kosh/builder/renderer/renderer.go:354.50,356.14 2 1
github.com/Kush-Singh-26/kosh/builder/renderer/renderer.go:356.14,358.3 1 1
github.com/Kush-Singh-26/kosh/builder/renderer/renderer.go:359.2,359.11 1 1
github.com/Kush-Singh-26/kosh/builder/renderer/renderer.go:362.73,367.20 4 1
github.com/Kush-Singh-26/kosh/builder/renderer/renderer.go:367.20,369.3 1 1
github.com/Kush-Singh-26/kosh/builder/renderer/renderer.go:371.2,379.51 4 1
github.com/Kush-Singh-26/kosh/builder/renderer/renderer.go:379.51,382.3 2 0
github.com/Kush-Singh-26/kosh/builder/renderer/renderer.go:384.2,384.36 1 1
github.com/Kush-Singh-26/kosh/builder/renderer/renderer.go:388.68,393.2 4 1
github.com/Kush-Singh-26/kosh/builder/renderer/renderer.go:396.40,399.30 3 1
github.com/Kush-Singh-26/kosh/builder/renderer/renderer.go:399.30,401.3 1 1
github.com/Kush-Singh-26/kosh/builder/renderer/renderer.go:402.2,403.35 2 1
github.com/Kush-Singh-26/kosh/builder/renderer/renderer.go:403.35,405.3 1 1
github.com/Kush-Singh-26/kosh/builder/renderer/renderer.go:406.2,407.15 2 1
github.com/Kush-Singh-26/kosh/builder/renderer/template_cache.go:30.70,35.13 4 1
github.com/Kush-Singh-26/kosh/builder/renderer/template_cache.go:35.13,37.3 1 1
github.com/Kush-Singh-26/kosh/builder/renderer/template_cache.go:39.2,39.66 1 1
github.com/Kush-Singh-26/kosh/builder/renderer/template_cache.go:39.66,47.3 1 1
github.com/Kush-Singh-26/kosh/builder/renderer/template_cache.go:47.8,52.3 3 1
github.com/Kush-Singh-26/kosh/builder/renderer/template_cache.go:54.2,54.20 1 1
github.com/Kush-Singh-26/kosh/builder/renderer/template_cache.go:57.53,64.31 5 1
github.com/Kush-Singh-26/kosh/builder/renderer/template_cache.go:64.31,66.3 1 1
github.com/Kush-Singh-26/kosh/builder/renderer/template_cache.go:68.2,68.51 1 1
github.com/Kush-Singh-26/kosh/builder/renderer/template_cache.go:68.51,75.3 5 0
github.com/Kush-Singh-26/kosh/builder/renderer/template_cache.go:77.2,82.38 4 1
github.com/Kush-Singh-26/kosh/builder/renderer/template_cache.go:82.38,85.17 3 1
github.com/Kush-Singh-26/kosh/builder/renderer/template_cache.go:85.17,86.12 1 1
github.com/Kush-Singh-26/kosh/builder/renderer/template_cache.go:89.3,92.52 3 1
github.com/Kush-Singh-26/kosh/builder/renderer/template_cache.go:92.52,94.9 2 1
github.com/Kush-Singh-26/kosh/builder/renderer/template_cache.go:97.2,99.16 2 1
github.com/Kush-Singh-26/kosh/builder/renderer/template_cache.go:102.109,107.22 5 1
github.com/Kush-Singh-26/kosh/builder/renderer/template_cache.go:107.22,109.3 1 1
