mode: set
github.com/Kush-Singh-26/kosh/internal/server/server.go:18.57,19.71 1 1
github.com/Kush-Singh-26/kosh/internal/server/server.go:19.71,20.16 1 1
github.com/Kush-Singh-26/kosh/internal/server/server.go:20.16,21.36 1 1
github.com/Kush-Singh-26/kosh/internal/server/server.go:21.36,25.5 3 1
github.com/Kush-Singh-26/kosh/internal/server/server.go:27.3,27.23 1 1
github.com/Kush-Singh-26/kosh/internal/server/server.go:31.110,48.21 12 0
github.com/Kush-Singh-26/kosh/internal/server/server.go:48.21,50.3 1 0
github.com/Kush-Singh-26/kosh/internal/server/server.go:53.2,54.21 2 0
github.com/Kush-Singh-26/kosh/internal/server/server.go:54.21,56.3 1 0
github.com/Kush-Singh-26/kosh/internal/server/server.go:58.2,59.21 2 0
github.com/Kush-Singh-26/kosh/internal/server/server.go:59.21,61.3 1 0
github.com/Kush-Singh-26/kosh/internal/server/server.go:63.2,66.12 3 0
github.com/Kush-Singh-26/kosh/internal/server/server.go:66.12,70.3 3 0
github.com/Kush-Singh-26/kosh/internal/server/server.go:72.2,77.86 4 0
github.com/Kush-Singh-26/kosh/internal/server/server.go:77.86,79.38 1 0
github.com/Kush-Singh-26/kosh/internal/server/server.go:79.38,80.11 1 0
github.com/Kush-Singh-26/kosh/internal/server/server.go:81.14,81.14 0 0
github.com/Kush-Singh-26/kosh/internal/server/server.go:83.30,85.11 1 0
github.com/Kush-Singh-26/kosh/internal/server/server.go:86.39,87.62 1 0
github.com/Kush-Singh-26/kosh/internal/server/server.go:91.3,98.17 5 0
github.com/Kush-Singh-26/kosh/internal/server/server.go:98.17,102.4 3 0
github.com/Kush-Singh-26/kosh/internal/server/server.go:109.3,111.38 3 0
github.com/Kush-Singh-26/kosh/internal/server/server.go:111.38,112.46 1 0
github.com/Kush-Singh-26/kosh/internal/server/server.go:112.46,113.56 1 0
github.com/Kush-Singh-26/kosh/internal/server/server.go:113.56,117.6 3 0
github.com/Kush-Singh-26/kosh/internal/server/server.go:121.3,122.17 2 0
github.com/Kush-Singh-26/kosh/internal/server/server.go:122.17,123.26 1 0
github.com/Kush-Singh-26/kosh/internal/server/server.go:123.26,127.70 4 0
github.com/Kush-Singh-26/kosh/internal/server/server.go:127.70,129.6 1 0
github.com/Kush-Singh-26/kosh/internal/server/server.go:129.11,131.6 1 0
github.com/Kush-Singh-26/kosh/internal/server/server.go:132.10,135.5 2 0
github.com/Kush-Singh-26/kosh/internal/server/server.go:136.4,136.10 1 0
github.com/Kush-Singh-26/kosh/internal/server/server.go:139.3,143.23 2 0
github.com/Kush-Singh-26/kosh/internal/server/server.go:143.23,145.78 2 0
github.com/Kush-Singh-26/kosh/internal/server/server.go:145.78,149.5 2 0
github.com/Kush-Singh-26/kosh/internal/server/server.go:152.3,152.30 1 0
github.com/Kush-Singh-26/kosh/internal/server/server.go:152.30,154.4 1 0
github.com/Kush-Singh-26/kosh/internal/server/server.go:154.9,154.149 1 0
github.com/Kush-Singh-26/kosh/internal/server/server.go:154.149,158.4 3 0
github.com/Kush-Singh-26/kosh/internal/server/server.go:158.9,160.4 1 0
github.com/Kush-Singh-26/kosh/internal/server/server.go:162.3,162.29 1 0
github.com/Kush-Singh-26/kosh/internal/server/server.go:165.2,165.25 1 0
github.com/Kush-Singh-26/kosh/internal/server/server.go:165.25,167.3 1 0
github.com/Kush-Singh-26/kosh/internal/server/server.go:169.2,174.12 2 0
github.com/Kush-Singh-26/kosh/internal/server/server.go:174.12,179.58 5 0
github.com/Kush-Singh-26/kosh/internal/server/server.go:179.58,181.4 1 0
github.com/Kush-Singh-26/kosh/internal/server/server.go:184.2,185.24 2 0
github.com/Kush-Singh-26/kosh/internal/server/server.go:185.24,187.3 1 0
github.com/Kush-Singh-26/kosh/internal/server/server.go:188.2,190.69 2 0
github.com/Kush-Singh-26/kosh/internal/server/server.go:190.69,193.3 2 0
github.com/Kush-Singh-26/kosh/internal/server/server.go:194.2,194.34 1 0
github.com/Kush-Singh-26/kosh/internal/server/sse.go:11.18,14.3 2 1
github.com/Kush-Singh-26/kosh/internal/server/sse.go:17.56,19.9 2 1
github.com/Kush-Singh-26/kosh/internal/server/sse.go:19.9,22.3 2 1
github.com/Kush-Singh-26/kosh/internal/server/sse.go:24.2,34.15 8 1
github.com/Kush-Singh-26/kosh/internal/server/sse.go:34.15,38.3 3 1
github.com/Kush-Singh-26/kosh/internal/server/sse.go:40.2,43.6 3 1
github.com/Kush-Singh-26/kosh/internal/server/sse.go:43.6,44.10 1 1
github.com/Kush-Singh-26/kosh/internal/server/sse.go:45.29,46.10 1 1
github.com/Kush-Singh-26/kosh/internal/server/sse.go:47.21,49.19 2 0
github.com/Kush-Singh-26/kosh/internal/server/sse.go:54.42,55.15 1 1
github.com/Kush-Singh-26/kosh/internal/server/sse.go:55.15,57.46 1 1
github.com/Kush-Singh-26/kosh/internal/server/sse.go:57.46,59.4 1 1
github.com/Kush-Singh-26/kosh/internal/server/sse.go:61.3,65.31 4 1
github.com/Kush-Singh-26/kosh/internal/server/sse.go:65.31,67.4 1 1
github.com/Kush-Singh-26/kosh/internal/server/sse.go:68.3,70.46 2 1
github.com/Kush-Singh-26/kosh/internal/server/sse.go:70.46,71.11 1 1
github.com/Kush-Singh-26/kosh/internal/server/sse.go:72.34,72.34 0 1
github.com/Kush-Singh-26/kosh/internal/server/sse.go:73.12,73.12 0 0
github.com/Kush-Singh-26/kosh/internal/server/sse.go:79.3,80.32 2 1
github.com/Kush-Singh-26/kosh/internal/server/utils.go:14.61,17.16 2 1
github.com/Kush-Singh-26/kosh/internal/server/utils.go:17.16,19.3 1 1
github.com/Kush-Singh-26/kosh/internal/server/utils.go:22.2,22.33 1 1
github.com/Kush-Singh-26/kosh/internal/server/utils.go:22.33,24.3 1 1
github.com/Kush-Singh-26/kosh/internal/server/utils.go:27.2,30.44 2 1
github.com/Kush-Singh-26/kosh/internal/server/utils.go:30.44,32.3 1 1
github.com/Kush-Singh-26/kosh/internal/server/utils.go:35.2,38.16 3 1
github.com/Kush-Singh-26/kosh/internal/server/utils.go:38.16,40.3 1 0
github.com/Kush-Singh-26/kosh/internal/server/utils.go:43.2,44.16 2 1
github.com/Kush-Singh-26/kosh/internal/server/utils.go:44.16,46.3 1 0
github.com/Kush-Singh-26/kosh/internal/server/utils.go:49.2,49.99 1 1
github.com/Kush-Singh-26/kosh/internal/server/utils.go:49.99,51.3 1 0
github.com/Kush-Singh-26/kosh/internal/server/utils.go:53.2,53.25 1 1
github.com/Kush-Singh-26/kosh/internal/server/utils.go:56.59,58.19 2 1
github.com/Kush-Singh-26/kosh/internal/server/utils.go:58.19,59.61 1 1
github.com/Kush-Singh-26/kosh/internal/server/utils.go:59.61,61.22 2 1
github.com/Kush-Singh-26/kosh/internal/server/utils.go:61.22,63.5 1 1
github.com/Kush-Singh-26/kosh/internal/server/utils.go:64.9,64.69 1 1
github.com/Kush-Singh-26/kosh/internal/server/utils.go:64.69,66.22 2 1
github.com/Kush-Singh-26/kosh/internal/server/utils.go:66.22,68.5 1 1
github.com/Kush-Singh-26/kosh/internal/server/utils.go:69.9,71.4 1 1
github.com/Kush-Singh-26/kosh/internal/server/utils.go:74.2,74.35 1 1
github.com/Kush-Singh-26/kosh/internal/server/utils.go:74.35,76.3 1 1
github.com/Kush-Singh-26/kosh/internal/server/utils.go:77.2,77.38 1 1
github.com/Kush-Singh-26/kosh/internal/server/utils.go:77.38,79.3 1 1
github.com/Kush-Singh-26/kosh/internal/server/utils.go:80.2,80.50 1 1
github.com/Kush-Singh-26/kosh/internal/server/utils.go:88.66,90.2 1 1
github.com/Kush-Singh-26/kosh/internal/server/utils.go:92.59,95.2 2 1
github.com/Kush-Singh-26/kosh/internal/server/utils.go:97.65,98.54 1 1
github.com/Kush-Singh-26/kosh/internal/server/utils.go:98.54,100.94 1 1
github.com/Kush-Singh-26/kosh/internal/server/utils.go:100.94,103.4 2 1
github.com/Kush-Singh-26/kosh/internal/server/utils.go:106.3,107.157 2 1
github.com/Kush-Singh-26/kosh/internal/server/utils.go:107.157,110.4 2 1
github.com/Kush-Singh-26/kosh/internal/server/utils.go:112.3,115.16 4 1
github.com/Kush-Singh-26/kosh/internal/server/utils.go:115.16,115.34 1 1
github.com/Kush-Singh-26/kosh/internal/server/utils.go:116.3,117.14 2 1
github.com/Kush-Singh-26/kosh/internal/server/utils.go:121.42,124.18 2 1
github.com/Kush-Singh-26/kosh/internal/server/utils.go:124.18,126.3 1 0
github.com/Kush-Singh-26/kosh/internal/server/utils.go:128.2,130.17 3 1
github.com/Kush-Singh-26/kosh/internal/server/utils.go:130.17,132.3 1 1
github.com/Kush-Singh-26/kosh/internal/server/utils.go:133.2,134.45 2 1
github.com/Kush-Singh-26/kosh/internal/server/utils.go:134.45,136.3 1 1
github.com/Kush-Singh-26/kosh/internal/server/utils.go:137.2,137.29 1 1
github.com/Kush-Singh-26/kosh/internal/server/utils.go:137.29,138.75 1 1
github.com/Kush-Singh-26/kosh/internal/server/utils.go:138.75,140.4 1 0
github.com/Kush-Singh-26/kosh/internal/server/utils.go:142.2,142.13 1 1
github.com/Kush-Singh-26/kosh/internal/server/watcher.go:30.34,34.12 3 1
github.com/Kush-Singh-26/kosh/internal/server/watcher.go:34.12,35.19 1 1
github.com/Kush-Singh-26/kosh/internal/server/watcher.go:35.19,38.4 2 1
github.com/Kush-Singh-26/kosh/internal/server/watcher.go:39.8,40.18 1 1
github.com/Kush-Singh-26/kosh/internal/server/watcher.go:40.18,42.28 2 1
github.com/Kush-Singh-26/kosh/internal/server/watcher.go:42.28,45.5 2 1
github.com/Kush-Singh-26/kosh/internal/server/watcher.go:52.35,56.2 3 1
github.com/Kush-Singh-26/kosh/internal/server/watcher.go:60.27,64.26 3 1
github.com/Kush-Singh-26/kosh/internal/server/watcher.go:64.26,65.28 1 1
github.com/Kush-Singh-26/kosh/internal/server/watcher.go:65.28,67.11 1 1
github.com/Kush-Singh-26/kosh/internal/server/watcher.go:68.27,68.27 0 0
github.com/Kush-Singh-26/kosh/internal/server/watcher.go:69.12,69.12 0 1
github.com/Kush-Singh-26/kosh/internal/server/watcher.go:74.2,74.56 1 1
github.com/Kush-Singh-26/kosh/internal/server/watcher.go:74.56,77.24 3 1
github.com/Kush-Singh-26/kosh/internal/server/watcher.go:77.24,79.4 1 1
github.com/Kush-Singh-26/kosh/internal/server/watcher.go:80.3,80.10 1 1
github.com/Kush-Singh-26/kosh/internal/server/watcher.go:81.33,81.33 0 1
github.com/Kush-Singh-26/kosh/internal/server/watcher.go:82.11,82.11 0 0
github.com/Kush-Singh-26/kosh/internal/server/watcher.go:87.79,91.16 3 1
github.com/Kush-Singh-26/kosh/internal/server/watcher.go:91.16,94.3 2 0
github.com/Kush-Singh-26/kosh/internal/server/watcher.go:96.2,96.35 1 1
github.com/Kush-Singh-26/kosh/internal/server/watcher.go:96.35,100.3 3 0
github.com/Kush-Singh-26/kosh/internal/server/watcher.go:102.2,112.12 9 1
github.com/Kush-Singh-26/kosh/internal/server/watcher.go:112.12,114.16 2 1
github.com/Kush-Singh-26/kosh/internal/server/watcher.go:114.16,118.16 4 1
github.com/Kush-Singh-26/kosh/internal/server/watcher.go:118.16,119.37 1 0
github.com/Kush-Singh-26/kosh/internal/server/watcher.go:119.37,121.6 1 0
github.com/Kush-Singh-26/kosh/internal/server/watcher.go:125.3,129.7 4 1
github.com/Kush-Singh-26/kosh/internal/server/watcher.go:129.7,130.11 1 1
github.com/Kush-Singh-26/kosh/internal/server/watcher.go:131.33,132.12 1 1
github.com/Kush-Singh-26/kosh/internal/server/watcher.go:132.12,134.6 1 1
github.com/Kush-Singh-26/kosh/internal/server/watcher.go:135.5,135.37 1 1
github.com/Kush-Singh-26/kosh/internal/server/watcher.go:135.37,136.14 1 0
github.com/Kush-Singh-26/kosh/internal/server/watcher.go:140.5,140.25 1 1
github.com/Kush-Singh-26/kosh/internal/server/watcher.go:142.31,143.12 1 0
github.com/Kush-Singh-26/kosh/internal/server/watcher.go:143.12,145.6 1 0
github.com/Kush-Singh-26/kosh/internal/server/watcher.go:146.5,146.45 1 0
github.com/Kush-Singh-26/kosh/internal/server/watcher.go:151.2,151.26 1 1
github.com/Kush-Singh-26/kosh/internal/server/watcher.go:154.20,157.26 2 1
github.com/Kush-Singh-26/kosh/internal/server/watcher.go:157.26,159.3 1 1
github.com/Kush-Singh-26/kosh/internal/server/watcher.go:160.2,167.14 6 1
github.com/Kush-Singh-26/kosh/internal/server/watcher.go:167.14,168.35 1 1
github.com/Kush-Singh-26/kosh/internal/server/watcher.go:168.35,170.4 1 0
github.com/Kush-Singh-26/kosh/internal/server/watcher.go:172.2,175.23 3 1
github.com/Kush-Singh-26/kosh/internal/server/watcher.go:175.23,178.3 2 1
github.com/Kush-Singh-26/kosh/internal/server/watcher.go:179.2,179.19 1 1
