mode: count
github.com/Kush-Singh-26/kosh/builder/services/mocks/asset_service_mock.go:19.61,21.2 1 0
github.com/Kush-Singh-26/kosh/builder/services/mocks/asset_service_mock.go:23.54,23.55 0 0
github.com/Kush-Singh-26/kosh/builder/services/mocks/asset_service_mock.go:25.65,27.2 1 0
github.com/Kush-Singh-26/kosh/builder/services/mocks/asset_service_mock.go:29.67,31.2 1 0
github.com/Kush-Singh-26/kosh/builder/services/mocks/asset_service_mock.go:33.85,35.2 1 0
github.com/Kush-Singh-26/kosh/builder/services/mocks/asset_service_mock.go:37.61,38.32 1 0
github.com/Kush-Singh-26/kosh/builder/services/mocks/asset_service_mock.go:38.32,40.3 1 0
github.com/Kush-Singh-26/kosh/builder/services/mocks/asset_service_mock.go:41.2,41.26 1 0
github.com/Kush-Singh-26/kosh/builder/services/mocks/asset_service_mock.go:41.26,44.3 2 0
github.com/Kush-Singh-26/kosh/builder/services/mocks/asset_service_mock.go:45.2,45.12 1 0
github.com/Kush-Singh-26/kosh/builder/services/mocks/asset_service_mock.go:48.96,50.2 1 0
github.com/Kush-Singh-26/kosh/builder/services/mocks/cache_service_mock.go:27.46,39.2 1 0
github.com/Kush-Singh-26/kosh/builder/services/mocks/cache_service_mock.go:41.54,42.24 1 0
github.com/Kush-Singh-26/kosh/builder/services/mocks/cache_service_mock.go:42.24,44.3 1 0
github.com/Kush-Singh-26/kosh/builder/services/mocks/cache_service_mock.go:45.2,45.23 1 0
github.com/Kush-Singh-26/kosh/builder/services/mocks/cache_service_mock.go:48.72,50.18 2 0
github.com/Kush-Singh-26/kosh/builder/services/mocks/cache_service_mock.go:50.18,52.3 1 0
github.com/Kush-Singh-26/kosh/builder/services/mocks/cache_service_mock.go:53.2,53.25 1 0
github.com/Kush-Singh-26/kosh/builder/services/mocks/cache_service_mock.go:56.61,58.18 2 0
github.com/Kush-Singh-26/kosh/builder/services/mocks/cache_service_mock.go:58.18,60.3 1 0
github.com/Kush-Singh-26/kosh/builder/services/mocks/cache_service_mock.go:61.2,62.26 2 0
github.com/Kush-Singh-26/kosh/builder/services/mocks/cache_service_mock.go:62.26,64.3 1 0
github.com/Kush-Singh-26/kosh/builder/services/mocks/cache_service_mock.go:65.2,65.17 1 0
github.com/Kush-Singh-26/kosh/builder/services/mocks/cache_service_mock.go:68.80,70.18 2 0
github.com/Kush-Singh-26/kosh/builder/services/mocks/cache_service_mock.go:70.18,72.3 1 0
github.com/Kush-Singh-26/kosh/builder/services/mocks/cache_service_mock.go:73.2,73.33 1 0
github.com/Kush-Singh-26/kosh/builder/services/mocks/cache_service_mock.go:76.92,78.18 2 0
github.com/Kush-Singh-26/kosh/builder/services/mocks/cache_service_mock.go:78.18,80.3 1 0
github.com/Kush-Singh-26/kosh/builder/services/mocks/cache_service_mock.go:81.2,82.25 2 0
github.com/Kush-Singh-26/kosh/builder/services/mocks/cache_service_mock.go:82.25,83.34 1 0
github.com/Kush-Singh-26/kosh/builder/services/mocks/cache_service_mock.go:83.34,85.4 1 0
github.com/Kush-Singh-26/kosh/builder/services/mocks/cache_service_mock.go:87.2,87.20 1 0
github.com/Kush-Singh-26/kosh/builder/services/mocks/cache_service_mock.go:90.86,92.18 2 0
github.com/Kush-Singh-26/kosh/builder/services/mocks/cache_service_mock.go:92.18,94.3 1 0
github.com/Kush-Singh-26/kosh/builder/services/mocks/cache_service_mock.go:95.2,95.24 1 0
github.com/Kush-Singh-26/kosh/builder/services/mocks/cache_service_mock.go:98.99,100.18 2 0
github.com/Kush-Singh-26/kosh/builder/services/mocks/cache_service_mock.go:100.18,102.3 1 0
github.com/Kush-Singh-26/kosh/builder/services/mocks/cache_service_mock.go:103.2,104.25 2 0
github.com/Kush-Singh-26/kosh/builder/services/mocks/cache_service_mock.go:104.25,105.41 1 0
github.com/Kush-Singh-26/kosh/builder/services/mocks/cache_service_mock.go:105.41,107.4 1 0
github.com/Kush-Singh-26/kosh/builder/services/mocks/cache_service_mock.go:109.2,109.20 1 0
github.com/Kush-Singh-26/kosh/builder/services/mocks/cache_service_mock.go:112.84,114.18 2 0
github.com/Kush-Singh-26/kosh/builder/services/mocks/cache_service_mock.go:114.18,116.3 1 0
github.com/Kush-Singh-26/kosh/builder/services/mocks/cache_service_mock.go:117.2,117.33 1 0
github.com/Kush-Singh-26/kosh/builder/services/mocks/cache_service_mock.go:120.81,122.18 2 0
github.com/Kush-Singh-26/kosh/builder/services/mocks/cache_service_mock.go:122.18,124.3 1 0
github.com/Kush-Singh-26/kosh/builder/services/mocks/cache_service_mock.go:125.2,125.28 1 0
github.com/Kush-Singh-26/kosh/builder/services/mocks/cache_service_mock.go:125.28,127.3 1 0
github.com/Kush-Singh-26/kosh/builder/services/mocks/cache_service_mock.go:128.2,128.25 1 0
github.com/Kush-Singh-26/kosh/builder/services/mocks/cache_service_mock.go:128.25,130.3 1 0
github.com/Kush-Singh-26/kosh/builder/services/mocks/cache_service_mock.go:131.2,131.17 1 0
github.com/Kush-Singh-26/kosh/builder/services/mocks/cache_service_mock.go:134.75,136.18 2 0
github.com/Kush-Singh-26/kosh/builder/services/mocks/cache_service_mock.go:136.18,138.3 1 0
github.com/Kush-Singh-26/kosh/builder/services/mocks/cache_service_mock.go:139.2,139.38 1 0
github.com/Kush-Singh-26/kosh/builder/services/mocks/cache_service_mock.go:142.71,144.18 2 0
github.com/Kush-Singh-26/kosh/builder/services/mocks/cache_service_mock.go:144.18,146.3 1 0
github.com/Kush-Singh-26/kosh/builder/services/mocks/cache_service_mock.go:147.2,148.12 2 0
github.com/Kush-Singh-26/kosh/builder/services/mocks/cache_service_mock.go:151.85,153.18 2 0
github.com/Kush-Singh-26/kosh/builder/services/mocks/cache_service_mock.go:153.18,155.3 1 0
github.com/Kush-Singh-26/kosh/builder/services/mocks/cache_service_mock.go:156.2,157.12 2 0
github.com/Kush-Singh-26/kosh/builder/services/mocks/cache_service_mock.go:160.59,162.18 2 0
github.com/Kush-Singh-26/kosh/builder/services/mocks/cache_service_mock.go:162.18,164.3 1 0
github.com/Kush-Singh-26/kosh/builder/services/mocks/cache_service_mock.go:165.2,165.25 1 0
github.com/Kush-Singh-26/kosh/builder/services/mocks/cache_service_mock.go:168.60,170.18 2 0
github.com/Kush-Singh-26/kosh/builder/services/mocks/cache_service_mock.go:170.18,172.3 1 0
github.com/Kush-Singh-26/kosh/builder/services/mocks/cache_service_mock.go:173.2,174.12 2 0
github.com/Kush-Singh-26/kosh/builder/services/mocks/cache_service_mock.go:177.58,179.18 2 0
github.com/Kush-Singh-26/kosh/builder/services/mocks/cache_service_mock.go:179.18,181.3 1 0
github.com/Kush-Singh-26/kosh/builder/services/mocks/cache_service_mock.go:182.2,182.24 1 0
github.com/Kush-Singh-26/kosh/builder/services/mocks/cache_service_mock.go:185.59,187.18 2 0
github.com/Kush-Singh-26/kosh/builder/services/mocks/cache_service_mock.go:187.18,189.3 1 0
github.com/Kush-Singh-26/kosh/builder/services/mocks/cache_service_mock.go:190.2,191.12 2 0
github.com/Kush-Singh-26/kosh/builder/services/mocks/cache_service_mock.go:194.70,196.18 2 0
github.com/Kush-Singh-26/kosh/builder/services/mocks/cache_service_mock.go:196.18,198.3 1 0
github.com/Kush-Singh-26/kosh/builder/services/mocks/cache_service_mock.go:200.2,202.18 3 0
github.com/Kush-Singh-26/kosh/builder/services/mocks/cache_service_mock.go:205.89,207.18 2 0
github.com/Kush-Singh-26/kosh/builder/services/mocks/cache_service_mock.go:207.18,209.3 1 0
github.com/Kush-Singh-26/kosh/builder/services/mocks/cache_service_mock.go:210.2,210.46 1 0
github.com/Kush-Singh-26/kosh/builder/services/mocks/cache_service_mock.go:210.46,213.3 2 0
github.com/Kush-Singh-26/kosh/builder/services/mocks/cache_service_mock.go:213.8,218.3 4 0
github.com/Kush-Singh-26/kosh/builder/services/mocks/cache_service_mock.go:219.2,219.12 1 0
github.com/Kush-Singh-26/kosh/builder/services/mocks/cache_service_mock.go:222.148,224.18 2 0
github.com/Kush-Singh-26/kosh/builder/services/mocks/cache_service_mock.go:224.18,226.3 1 0
github.com/Kush-Singh-26/kosh/builder/services/mocks/cache_service_mock.go:227.2,230.29 4 0
github.com/Kush-Singh-26/kosh/builder/services/mocks/cache_service_mock.go:230.29,233.3 2 0
github.com/Kush-Singh-26/kosh/builder/services/mocks/cache_service_mock.go:234.2,234.12 1 0
github.com/Kush-Singh-26/kosh/builder/services/mocks/cache_service_mock.go:237.60,239.18 2 0
github.com/Kush-Singh-26/kosh/builder/services/mocks/cache_service_mock.go:239.18,241.3 1 0
github.com/Kush-Singh-26/kosh/builder/services/mocks/cache_service_mock.go:242.2,243.12 2 0
github.com/Kush-Singh-26/kosh/builder/services/mocks/cache_service_mock.go:246.53,249.2 2 0
github.com/Kush-Singh-26/kosh/builder/services/mocks/cache_service_mock.go:251.56,254.2 2 0
github.com/Kush-Singh-26/kosh/builder/services/mocks/cache_service_mock.go:256.41,259.2 2 0
github.com/Kush-Singh-26/kosh/builder/services/mocks/cache_service_mock.go:261.63,263.18 2 0
github.com/Kush-Singh-26/kosh/builder/services/mocks/cache_service_mock.go:263.18,265.3 1 0
github.com/Kush-Singh-26/kosh/builder/services/mocks/cache_service_mock.go:266.2,266.33 1 0
github.com/Kush-Singh-26/kosh/builder/services/mocks/cache_service_mock.go:269.56,272.2 2 0
github.com/Kush-Singh-26/kosh/builder/services/mocks/cache_service_mock.go:274.42,277.2 2 0
github.com/Kush-Singh-26/kosh/builder/services/mocks/cache_service_mock.go:279.100,281.18 2 0
github.com/Kush-Singh-26/kosh/builder/services/mocks/cache_service_mock.go:281.18,283.3 1 0
github.com/Kush-Singh-26/kosh/builder/services/mocks/cache_service_mock.go:284.2,285.31 2 0
github.com/Kush-Singh-26/kosh/builder/services/mocks/cache_service_mock.go:285.31,286.30 1 0
github.com/Kush-Singh-26/kosh/builder/services/mocks/cache_service_mock.go:286.30,294.4 1 0
github.com/Kush-Singh-26/kosh/builder/services/mocks/cache_service_mock.go:296.2,296.20 1 0
github.com/Kush-Singh-26/kosh/builder/services/mocks/render_service_mock.go:24.48,26.2 1 0
github.com/Kush-Singh-26/kosh/builder/services/mocks/render_service_mock.go:28.55,31.2 2 0
github.com/Kush-Singh-26/kosh/builder/services/mocks/render_service_mock.go:33.62,36.2 2 0
github.com/Kush-Singh-26/kosh/builder/services/mocks/render_service_mock.go:38.54,41.2 2 0
github.com/Kush-Singh-26/kosh/builder/services/mocks/render_service_mock.go:43.63,45.2 1 0
github.com/Kush-Singh-26/kosh/builder/services/mocks/render_service_mock.go:47.47,49.2 1 0
github.com/Kush-Singh-26/kosh/builder/services/mocks/render_service_mock.go:51.75,54.2 2 0
github.com/Kush-Singh-26/kosh/builder/services/mocks/render_service_mock.go:56.76,59.2 2 0
github.com/Kush-Singh-26/kosh/builder/services/mocks/render_service_mock.go:61.74,64.2 2 0
github.com/Kush-Singh-26/kosh/builder/services/mocks/render_service_mock.go:66.76,69.2 2 0
github.com/Kush-Singh-26/kosh/builder/services/mocks/render_service_mock.go:71.82,74.2 2 0
github.com/Kush-Singh-26/kosh/builder/services/mocks/render_service_mock.go:76.55,79.2 2 0
github.com/Kush-Singh-26/kosh/builder/services/mocks/render_service_mock.go:81.65,83.27 2 0
github.com/Kush-Singh-26/kosh/builder/services/mocks/render_service_mock.go:83.27,85.3 1 0
github.com/Kush-Singh-26/kosh/builder/services/mocks/render_service_mock.go:88.59,91.37 3 0
github.com/Kush-Singh-26/kosh/builder/services/mocks/render_service_mock.go:91.37,94.3 2 0
github.com/Kush-Singh-26/kosh/builder/services/mocks/render_service_mock.go:95.2,95.12 1 0
github.com/Kush-Singh-26/kosh/builder/services/mocks/render_service_mock.go:98.64,101.46 3 0
github.com/Kush-Singh-26/kosh/builder/services/mocks/render_service_mock.go:101.46,104.3 2 0
github.com/Kush-Singh-26/kosh/builder/services/mocks/render_service_mock.go:105.2,105.12 1 0
github.com/Kush-Singh-26/kosh/builder/services/mocks/render_service_mock.go:108.50,111.2 2 0
github.com/Kush-Singh-26/kosh/builder/services/asset_service.go:32.144,40.2 1 3
github.com/Kush-Singh-26/kosh/builder/services/asset_service.go:42.67,42.84 1 1
github.com/Kush-Singh-26/kosh/builder/services/asset_service.go:43.67,43.86 1 0
github.com/Kush-Singh-26/kosh/builder/services/asset_service.go:44.67,44.84 1 0
github.com/Kush-Singh-26/kosh/builder/services/asset_service.go:45.67,45.89 1 0
github.com/Kush-Singh-26/kosh/builder/services/asset_service.go:46.85,48.2 1 0
github.com/Kush-Singh-26/kosh/builder/services/asset_service.go:50.61,57.22 3 3
github.com/Kush-Singh-26/kosh/builder/services/asset_service.go:57.22,59.3 1 0
github.com/Kush-Singh-26/kosh/builder/services/asset_service.go:62.2,62.20 1 3
github.com/Kush-Singh-26/kosh/builder/services/asset_service.go:62.20,67.21 4 3
github.com/Kush-Singh-26/kosh/builder/services/asset_service.go:67.21,69.4 1 0
github.com/Kush-Singh-26/kosh/builder/services/asset_service.go:71.3,80.34 5 3
github.com/Kush-Singh-26/kosh/builder/services/asset_service.go:80.34,82.14 2 3
github.com/Kush-Singh-26/kosh/builder/services/asset_service.go:82.14,83.112 1 3
github.com/Kush-Singh-26/kosh/builder/services/asset_service.go:83.112,84.36 1 9
github.com/Kush-Singh-26/kosh/builder/services/asset_service.go:84.36,86.7 1 6
github.com/Kush-Singh-26/kosh/builder/services/asset_service.go:87.6,87.46 1 3
github.com/Kush-Singh-26/kosh/builder/services/asset_service.go:87.46,89.7 1 1
github.com/Kush-Singh-26/kosh/builder/services/asset_service.go:90.6,94.16 5 2
github.com/Kush-Singh-26/kosh/builder/services/asset_service.go:97.4,97.14 1 3
github.com/Kush-Singh-26/kosh/builder/services/asset_service.go:100.3,100.27 1 3
github.com/Kush-Singh-26/kosh/builder/services/asset_service.go:100.27,101.35 1 3
github.com/Kush-Singh-26/kosh/builder/services/asset_service.go:101.35,103.15 2 3
github.com/Kush-Singh-26/kosh/builder/services/asset_service.go:103.15,104.113 1 0
github.com/Kush-Singh-26/kosh/builder/services/asset_service.go:104.113,105.37 1 0
github.com/Kush-Singh-26/kosh/builder/services/asset_service.go:105.37,107.8 1 0
github.com/Kush-Singh-26/kosh/builder/services/asset_service.go:108.7,108.47 1 0
github.com/Kush-Singh-26/kosh/builder/services/asset_service.go:108.47,110.8 1 0
github.com/Kush-Singh-26/kosh/builder/services/asset_service.go:111.7,115.17 5 0
github.com/Kush-Singh-26/kosh/builder/services/asset_service.go:118.5,118.15 1 3
github.com/Kush-Singh-26/kosh/builder/services/asset_service.go:122.3,125.33 2 3
github.com/Kush-Singh-26/kosh/builder/services/asset_service.go:125.33,126.11 1 0
github.com/Kush-Singh-26/kosh/builder/services/asset_service.go:127.45,128.11 1 0
github.com/Kush-Singh-26/kosh/builder/services/asset_service.go:128.11,130.6 1 0
github.com/Kush-Singh-26/kosh/builder/services/asset_service.go:131.23,132.22 1 0
github.com/Kush-Singh-26/kosh/builder/services/asset_service.go:136.3,136.37 1 3
github.com/Kush-Singh-26/kosh/builder/services/asset_service.go:136.37,141.4 4 0
github.com/Kush-Singh-26/kosh/builder/services/asset_service.go:144.3,145.22 2 3
github.com/Kush-Singh-26/kosh/builder/services/asset_service.go:145.22,147.4 1 3
github.com/Kush-Singh-26/kosh/builder/services/asset_service.go:148.3,151.35 3 3
github.com/Kush-Singh-26/kosh/builder/services/asset_service.go:151.35,153.30 2 2
github.com/Kush-Singh-26/kosh/builder/services/asset_service.go:153.30,156.5 2 2
github.com/Kush-Singh-26/kosh/builder/services/asset_service.go:159.3,160.26 2 3
github.com/Kush-Singh-26/kosh/builder/services/asset_service.go:164.2,164.20 1 3
github.com/Kush-Singh-26/kosh/builder/services/asset_service.go:164.20,168.27 4 3
github.com/Kush-Singh-26/kosh/builder/services/asset_service.go:168.27,171.4 2 0
github.com/Kush-Singh-26/kosh/builder/services/asset_service.go:172.3,172.13 1 3
github.com/Kush-Singh-26/kosh/builder/services/asset_service.go:175.2,175.17 1 3
github.com/Kush-Singh-26/kosh/builder/services/asset_service.go:178.49,179.22 1 3
github.com/Kush-Singh-26/kosh/builder/services/asset_service.go:179.22,181.3 1 0
github.com/Kush-Singh-26/kosh/builder/services/asset_service.go:182.2,183.64 2 3
github.com/Kush-Singh-26/kosh/builder/services/asset_service.go:183.64,185.3 1 0
github.com/Kush-Singh-26/kosh/builder/services/asset_service.go:188.66,190.16 2 0
github.com/Kush-Singh-26/kosh/builder/services/asset_service.go:190.16,192.3 1 0
github.com/Kush-Singh-26/kosh/builder/services/asset_service.go:193.2,193.108 1 0
github.com/Kush-Singh-26/kosh/builder/services/asset_service.go:196.86,199.21 3 3
github.com/Kush-Singh-26/kosh/builder/services/asset_service.go:199.21,201.3 1 3
github.com/Kush-Singh-26/kosh/builder/services/asset_service.go:202.2,202.25 1 3
github.com/Kush-Singh-26/kosh/builder/services/asset_service.go:205.96,209.2 3 0
github.com/Kush-Singh-26/kosh/builder/services/cache_service.go:19.80,24.2 1 25
github.com/Kush-Singh-26/kosh/builder/services/cache_service.go:26.72,28.2 1 6
github.com/Kush-Singh-26/kosh/builder/services/cache_service.go:30.61,32.2 1 2
github.com/Kush-Singh-26/kosh/builder/services/cache_service.go:34.80,36.2 1 1
github.com/Kush-Singh-26/kosh/builder/services/cache_service.go:38.92,40.2 1 1
github.com/Kush-Singh-26/kosh/builder/services/cache_service.go:42.86,44.2 1 1
github.com/Kush-Singh-26/kosh/builder/services/cache_service.go:46.99,48.2 1 1
github.com/Kush-Singh-26/kosh/builder/services/cache_service.go:50.84,52.2 1 1
github.com/Kush-Singh-26/kosh/builder/services/cache_service.go:54.81,56.2 1 1
github.com/Kush-Singh-26/kosh/builder/services/cache_service.go:58.75,60.2 1 2
github.com/Kush-Singh-26/kosh/builder/services/cache_service.go:62.71,64.2 1 1
github.com/Kush-Singh-26/kosh/builder/services/cache_service.go:66.85,68.2 1 0
github.com/Kush-Singh-26/kosh/builder/services/cache_service.go:70.59,72.2 1 1
github.com/Kush-Singh-26/kosh/builder/services/cache_service.go:74.60,76.2 1 1
github.com/Kush-Singh-26/kosh/builder/services/cache_service.go:78.58,80.2 1 1
github.com/Kush-Singh-26/kosh/builder/services/cache_service.go:82.59,84.2 1 1
github.com/Kush-Singh-26/kosh/builder/services/cache_service.go:86.70,88.2 1 1
github.com/Kush-Singh-26/kosh/builder/services/cache_service.go:90.89,92.2 1 2
github.com/Kush-Singh-26/kosh/builder/services/cache_service.go:94.148,96.2 1 10
github.com/Kush-Singh-26/kosh/builder/services/cache_service.go:98.60,100.2 1 1
github.com/Kush-Singh-26/kosh/builder/services/cache_service.go:102.53,106.2 2 117
github.com/Kush-Singh-26/kosh/builder/services/cache_service.go:108.56,110.9 2 13
github.com/Kush-Singh-26/kosh/builder/services/cache_service.go:110.9,112.3 1 6
github.com/Kush-Singh-26/kosh/builder/services/cache_service.go:113.2,114.20 2 7
github.com/Kush-Singh-26/kosh/builder/services/cache_service.go:117.41,119.42 1 2
github.com/Kush-Singh-26/kosh/builder/services/cache_service.go:119.42,122.3 2 16
github.com/Kush-Singh-26/kosh/builder/services/cache_service.go:125.63,127.2 1 2
github.com/Kush-Singh-26/kosh/builder/services/cache_service.go:129.56,131.2 1 1
github.com/Kush-Singh-26/kosh/builder/services/cache_service.go:133.42,135.2 1 1
github.com/Kush-Singh-26/kosh/builder/services/cache_service.go:137.100,139.2 1 0
github.com/Kush-Singh-26/kosh/builder/services/cache_service.go:142.53,144.2 1 1
github.com/Kush-Singh-26/kosh/builder/services/post_helpers.go:11.66,12.19 1 0
github.com/Kush-Singh-26/kosh/builder/services/post_helpers.go:12.19,14.3 1 0
github.com/Kush-Singh-26/kosh/builder/services/post_helpers.go:15.2,15.35 1 0
github.com/Kush-Singh-26/kosh/builder/services/post_helpers.go:15.35,16.17 1 0
github.com/Kush-Singh-26/kosh/builder/services/post_helpers.go:16.17,18.4 1 0
github.com/Kush-Singh-26/kosh/builder/services/post_helpers.go:20.2,20.13 1 0
github.com/Kush-Singh-26/kosh/builder/services/post_metadata.go:21.87,31.27 3 0
github.com/Kush-Singh-26/kosh/builder/services/post_metadata.go:31.27,32.34 1 0
github.com/Kush-Singh-26/kosh/builder/services/post_metadata.go:32.34,33.18 1 0
github.com/Kush-Singh-26/kosh/builder/services/post_metadata.go:33.18,35.10 2 0
github.com/Kush-Singh-26/kosh/builder/services/post_metadata.go:40.2,40.49 1 0
github.com/Kush-Singh-26/kosh/builder/services/post_metadata.go:40.49,44.28 3 0
github.com/Kush-Singh-26/kosh/builder/services/post_metadata.go:44.28,47.4 2 0
github.com/Kush-Singh-26/kosh/builder/services/post_metadata.go:52.3,54.28 2 0
github.com/Kush-Singh-26/kosh/builder/services/post_metadata.go:54.28,55.16 1 0
github.com/Kush-Singh-26/kosh/builder/services/post_metadata.go:55.16,57.5 1 0
github.com/Kush-Singh-26/kosh/builder/services/post_metadata.go:57.10,59.5 1 0
github.com/Kush-Singh-26/kosh/builder/services/post_metadata.go:61.3,61.14 1 0
github.com/Kush-Singh-26/kosh/builder/services/post_metadata.go:64.2,69.3 1 0
github.com/Kush-Singh-26/kosh/builder/services/post_metadata.go:73.100,75.41 2 0
github.com/Kush-Singh-26/kosh/builder/services/post_metadata.go:75.41,78.3 2 0
github.com/Kush-Singh-26/kosh/builder/services/post_metadata.go:79.2,79.18 1 0
github.com/Kush-Singh-26/kosh/builder/services/post_parser.go:37.68,41.62 4 5
github.com/Kush-Singh-26/kosh/builder/services/post_parser.go:41.62,43.3 1 0
github.com/Kush-Singh-26/kosh/builder/services/post_parser.go:44.2,52.3 1 5
github.com/Kush-Singh-26/kosh/builder/services/post_parser.go:91.34,96.48 3 5
github.com/Kush-Singh-26/kosh/builder/services/post_parser.go:96.48,98.3 1 4
github.com/Kush-Singh-26/kosh/builder/services/post_parser.go:98.8,98.51 1 1
github.com/Kush-Singh-26/kosh/builder/services/post_parser.go:98.51,99.63 1 1
github.com/Kush-Singh-26/kosh/builder/services/post_parser.go:99.63,101.4 1 1
github.com/Kush-Singh-26/kosh/builder/services/post_parser.go:103.2,109.9 5 5
github.com/Kush-Singh-26/kosh/builder/services/post_parser.go:109.9,110.16 1 5
github.com/Kush-Singh-26/kosh/builder/services/post_parser.go:110.16,111.32 1 5
github.com/Kush-Singh-26/kosh/builder/services/post_parser.go:111.32,113.5 1 0
github.com/Kush-Singh-26/kosh/builder/services/post_parser.go:116.3,123.89 6 5
github.com/Kush-Singh-26/kosh/builder/services/post_parser.go:126.2,126.21 1 5
github.com/Kush-Singh-26/kosh/builder/services/post_parser.go:126.21,128.3 1 0
github.com/Kush-Singh-26/kosh/builder/services/post_parser.go:130.2,134.26 4 5
github.com/Kush-Singh-26/kosh/builder/services/post_parser.go:134.26,136.3 1 4
github.com/Kush-Singh-26/kosh/builder/services/post_parser.go:136.8,136.51 1 1
github.com/Kush-Singh-26/kosh/builder/services/post_parser.go:136.51,138.22 2 1
github.com/Kush-Singh-26/kosh/builder/services/post_parser.go:138.22,140.4 1 1
github.com/Kush-Singh-26/kosh/builder/services/post_parser.go:143.2,143.25 1 5
github.com/Kush-Singh-26/kosh/builder/services/post_parser.go:143.25,145.3 1 0
github.com/Kush-Singh-26/kosh/builder/services/post_parser.go:147.2,153.22 5 5
github.com/Kush-Singh-26/kosh/builder/services/post_parser.go:153.22,156.3 2 5
github.com/Kush-Singh-26/kosh/builder/services/post_parser.go:158.2,169.34 4 5
github.com/Kush-Singh-26/kosh/builder/services/post_parser.go:169.34,171.3 1 0
github.com/Kush-Singh-26/kosh/builder/services/post_parser.go:173.2,194.42 9 5
github.com/Kush-Singh-26/kosh/builder/services/post_parser.go:194.42,197.3 2 0
github.com/Kush-Singh-26/kosh/builder/services/post_parser.go:198.2,203.26 4 5
github.com/Kush-Singh-26/kosh/builder/services/post_parser.go:203.26,205.3 1 14
github.com/Kush-Singh-26/kosh/builder/services/post_parser.go:206.2,211.32 5 5
github.com/Kush-Singh-26/kosh/builder/services/post_parser.go:211.32,213.3 1 4
github.com/Kush-Singh-26/kosh/builder/services/post_parser.go:213.8,215.3 1 1
github.com/Kush-Singh-26/kosh/builder/services/post_parser.go:217.2,217.17 1 5
github.com/Kush-Singh-26/kosh/builder/services/post_parser.go:227.9,228.42 1 5
github.com/Kush-Singh-26/kosh/builder/services/post_parser.go:228.42,230.3 1 0
github.com/Kush-Singh-26/kosh/builder/services/post_parser.go:232.2,233.20 2 5
github.com/Kush-Singh-26/kosh/builder/services/post_parser.go:233.20,235.3 1 0
github.com/Kush-Singh-26/kosh/builder/services/post_parser.go:237.2,243.71 5 5
github.com/Kush-Singh-26/kosh/builder/services/post_parser.go:243.71,245.3 1 0
github.com/Kush-Singh-26/kosh/builder/services/post_parser.go:246.2,250.123 3 5
github.com/Kush-Singh-26/kosh/builder/services/post_parser.go:250.123,252.44 2 0
github.com/Kush-Singh-26/kosh/builder/services/post_parser.go:252.44,254.4 1 0
github.com/Kush-Singh-26/kosh/builder/services/post_parser.go:257.2,257.12 1 5
github.com/Kush-Singh-26/kosh/builder/services/post_parser.go:277.34,279.16 2 4
github.com/Kush-Singh-26/kosh/builder/services/post_parser.go:279.16,281.3 1 0
github.com/Kush-Singh-26/kosh/builder/services/post_parser.go:283.2,283.98 1 4
github.com/Kush-Singh-26/kosh/builder/services/post_parser.go:283.98,285.3 1 0
github.com/Kush-Singh-26/kosh/builder/services/post_parser.go:288.2,291.17 3 4
github.com/Kush-Singh-26/kosh/builder/services/post_service.go:43.272,56.2 1 0
github.com/Kush-Singh-26/kosh/builder/services/post_service.go:58.69,58.86 1 0
github.com/Kush-Singh-26/kosh/builder/services/post_service.go:59.69,59.88 1 0
github.com/Kush-Singh-26/kosh/builder/services/post_service.go:60.69,60.91 1 0
github.com/Kush-Singh-26/kosh/builder/services/post_service.go:61.69,61.96 1 0
github.com/Kush-Singh-26/kosh/builder/services/post_service.go:62.69,62.89 1 0
github.com/Kush-Singh-26/kosh/builder/services/post_service.go:64.179,74.77 3 2
github.com/Kush-Singh-26/kosh/builder/services/post_service.go:74.77,76.3 1 4
github.com/Kush-Singh-26/kosh/builder/services/post_service.go:77.2,110.79 10 2
github.com/Kush-Singh-26/kosh/builder/services/post_service.go:110.79,117.20 6 4
github.com/Kush-Singh-26/kosh/builder/services/post_service.go:117.20,119.4 1 0
github.com/Kush-Singh-26/kosh/builder/services/post_service.go:121.3,122.20 2 4
github.com/Kush-Singh-26/kosh/builder/services/post_service.go:122.20,124.4 1 0
github.com/Kush-Singh-26/kosh/builder/services/post_service.go:124.9,126.4 1 4
github.com/Kush-Singh-26/kosh/builder/services/post_service.go:129.3,132.21 4 4
github.com/Kush-Singh-26/kosh/builder/services/post_service.go:132.21,134.39 2 4
github.com/Kush-Singh-26/kosh/builder/services/post_service.go:134.39,136.5 1 0
github.com/Kush-Singh-26/kosh/builder/services/post_service.go:139.3,146.15 6 4
github.com/Kush-Singh-26/kosh/builder/services/post_service.go:146.15,148.39 2 0
github.com/Kush-Singh-26/kosh/builder/services/post_service.go:148.39,151.42 3 0
github.com/Kush-Singh-26/kosh/builder/services/post_service.go:151.42,174.6 3 0
github.com/Kush-Singh-26/kosh/builder/services/post_service.go:174.11,176.6 1 0
github.com/Kush-Singh-26/kosh/builder/services/post_service.go:177.10,179.5 1 0
github.com/Kush-Singh-26/kosh/builder/services/post_service.go:183.3,183.79 1 4
github.com/Kush-Singh-26/kosh/builder/services/post_service.go:183.79,185.50 2 0
github.com/Kush-Singh-26/kosh/builder/services/post_service.go:185.50,186.58 1 0
github.com/Kush-Singh-26/kosh/builder/services/post_service.go:186.58,188.6 1 0
github.com/Kush-Singh-26/kosh/builder/services/post_service.go:190.4,190.29 1 0
github.com/Kush-Singh-26/kosh/builder/services/post_service.go:190.29,192.5 1 0
github.com/Kush-Singh-26/kosh/builder/services/post_service.go:195.3,195.16 1 4
github.com/Kush-Singh-26/kosh/builder/services/post_service.go:195.16,198.18 3 4
github.com/Kush-Singh-26/kosh/builder/services/post_service.go:198.18,204.5 5 0
github.com/Kush-Singh-26/kosh/builder/services/post_service.go:205.4,208.41 2 4
github.com/Kush-Singh-26/kosh/builder/services/post_service.go:208.41,210.32 2 0
github.com/Kush-Singh-26/kosh/builder/services/post_service.go:210.32,211.49 1 0
github.com/Kush-Singh-26/kosh/builder/services/post_service.go:211.49,212.57 1 0
github.com/Kush-Singh-26/kosh/builder/services/post_service.go:212.57,214.8 1 0
github.com/Kush-Singh-26/kosh/builder/services/post_service.go:218.5,219.19 2 0
github.com/Kush-Singh-26/kosh/builder/services/post_service.go:219.19,221.6 1 0
github.com/Kush-Singh-26/kosh/builder/services/post_service.go:223.5,223.53 1 0
github.com/Kush-Singh-26/kosh/builder/services/post_service.go:223.53,225.33 2 0
github.com/Kush-Singh-26/kosh/builder/services/post_service.go:225.33,226.40 1 0
github.com/Kush-Singh-26/kosh/builder/services/post_service.go:226.40,228.8 1 0
github.com/Kush-Singh-26/kosh/builder/services/post_service.go:230.6,230.26 1 0
github.com/Kush-Singh-26/kosh/builder/services/post_service.go:230.26,232.7 1 0
github.com/Kush-Singh-26/kosh/builder/services/post_service.go:235.5,235.108 1 0
github.com/Kush-Singh-26/kosh/builder/services/post_service.go:236.10,238.5 1 4
github.com/Kush-Singh-26/kosh/builder/services/post_service.go:239.4,239.39 1 4
github.com/Kush-Singh-26/kosh/builder/services/post_service.go:242.3,243.41 2 4
github.com/Kush-Singh-26/kosh/builder/services/post_service.go:243.41,245.4 1 0
github.com/Kush-Singh-26/kosh/builder/services/post_service.go:248.3,250.65 3 4
github.com/Kush-Singh-26/kosh/builder/services/post_service.go:250.65,255.4 1 4
github.com/Kush-Singh-26/kosh/builder/services/post_service.go:255.9,257.4 1 0
github.com/Kush-Singh-26/kosh/builder/services/post_service.go:260.3,270.18 7 4
github.com/Kush-Singh-26/kosh/builder/services/post_service.go:270.18,272.4 1 0
github.com/Kush-Singh-26/kosh/builder/services/post_service.go:273.3,273.33 1 4
github.com/Kush-Singh-26/kosh/builder/services/post_service.go:273.33,276.4 2 0
github.com/Kush-Singh-26/kosh/builder/services/post_service.go:277.3,287.34 6 4
github.com/Kush-Singh-26/kosh/builder/services/post_service.go:287.34,309.4 9 4
github.com/Kush-Singh-26/kosh/builder/services/post_service.go:310.3,310.38 1 4
github.com/Kush-Singh-26/kosh/builder/services/post_service.go:313.2,314.26 2 2
github.com/Kush-Singh-26/kosh/builder/services/post_service.go:314.26,316.3 1 4
github.com/Kush-Singh-26/kosh/builder/services/post_service.go:317.2,319.25 2 2
github.com/Kush-Singh-26/kosh/builder/services/post_service.go:319.25,321.3 1 0
github.com/Kush-Singh-26/kosh/builder/services/post_service.go:326.2,327.31 2 2
github.com/Kush-Singh-26/kosh/builder/services/post_service.go:327.31,329.3 1 0
github.com/Kush-Singh-26/kosh/builder/services/post_service.go:332.2,334.29 3 2
github.com/Kush-Singh-26/kosh/builder/services/post_service.go:334.29,336.3 1 4
github.com/Kush-Singh-26/kosh/builder/services/post_service.go:337.2,337.41 1 2
github.com/Kush-Singh-26/kosh/builder/services/post_service.go:337.41,340.27 3 2
github.com/Kush-Singh-26/kosh/builder/services/post_service.go:340.27,342.4 1 4
github.com/Kush-Singh-26/kosh/builder/services/post_service.go:346.2,346.73 1 2
github.com/Kush-Singh-26/kosh/builder/services/post_service.go:346.73,350.61 4 4
github.com/Kush-Singh-26/kosh/builder/services/post_service.go:350.61,352.15 2 4
github.com/Kush-Singh-26/kosh/builder/services/post_service.go:352.15,354.5 1 2
github.com/Kush-Singh-26/kosh/builder/services/post_service.go:355.4,355.23 1 4
github.com/Kush-Singh-26/kosh/builder/services/post_service.go:355.23,357.5 1 2
github.com/Kush-Singh-26/kosh/builder/services/post_service.go:360.3,367.5 1 4
github.com/Kush-Singh-26/kosh/builder/services/post_service.go:370.2,371.35 2 2
github.com/Kush-Singh-26/kosh/builder/services/post_service.go:371.35,373.3 1 4
github.com/Kush-Singh-26/kosh/builder/services/post_service.go:374.2,378.45 3 2
github.com/Kush-Singh-26/kosh/builder/services/post_service.go:378.45,380.13 2 2
github.com/Kush-Singh-26/kosh/builder/services/post_service.go:380.13,383.4 2 2
github.com/Kush-Singh-26/kosh/builder/services/post_service.go:386.2,389.8 1 2
github.com/Kush-Singh-26/kosh/builder/services/post_single.go:18.96,20.2 1 2
github.com/Kush-Singh-26/kosh/builder/services/post_single.go:22.139,23.15 1 2
github.com/Kush-Singh-26/kosh/builder/services/post_single.go:23.15,24.31 1 2
github.com/Kush-Singh-26/kosh/builder/services/post_single.go:24.31,29.4 1 0
github.com/Kush-Singh-26/kosh/builder/services/post_single.go:32.2,33.16 2 2
github.com/Kush-Singh-26/kosh/builder/services/post_single.go:33.16,36.3 2 2
github.com/Kush-Singh-26/kosh/builder/services/post_single.go:39.2,39.37 1 0
github.com/Kush-Singh-26/kosh/builder/services/post_single.go:39.37,42.3 2 0
github.com/Kush-Singh-26/kosh/builder/services/post_single.go:45.2,45.19 1 0
github.com/Kush-Singh-26/kosh/builder/services/post_single.go:45.19,47.17 2 0
github.com/Kush-Singh-26/kosh/builder/services/post_single.go:47.17,50.4 2 0
github.com/Kush-Singh-26/kosh/builder/services/post_single.go:53.2,57.19 4 0
github.com/Kush-Singh-26/kosh/builder/services/post_single.go:57.19,59.3 1 0
github.com/Kush-Singh-26/kosh/builder/services/post_single.go:61.2,62.19 2 0
github.com/Kush-Singh-26/kosh/builder/services/post_single.go:62.19,64.3 1 0
github.com/Kush-Singh-26/kosh/builder/services/post_single.go:64.8,66.3 1 0
github.com/Kush-Singh-26/kosh/builder/services/post_single.go:68.2,69.22 2 0
github.com/Kush-Singh-26/kosh/builder/services/post_single.go:69.22,71.3 1 0
github.com/Kush-Singh-26/kosh/builder/services/post_single.go:71.8,90.17 2 0
github.com/Kush-Singh-26/kosh/builder/services/post_single.go:90.17,92.4 1 0
github.com/Kush-Singh-26/kosh/builder/services/post_single.go:95.2,105.32 10 0
github.com/Kush-Singh-26/kosh/builder/services/post_single.go:105.32,108.62 3 0
github.com/Kush-Singh-26/kosh/builder/services/post_single.go:108.62,110.4 1 0
github.com/Kush-Singh-26/kosh/builder/services/post_single.go:113.2,114.20 2 0
github.com/Kush-Singh-26/kosh/builder/services/post_single.go:114.20,117.17 2 0
github.com/Kush-Singh-26/kosh/builder/services/post_single.go:117.17,119.35 2 0
github.com/Kush-Singh-26/kosh/builder/services/post_single.go:119.35,127.5 1 0
github.com/Kush-Singh-26/kosh/builder/services/post_single.go:131.2,132.33 2 0
github.com/Kush-Singh-26/kosh/builder/services/post_single.go:132.33,133.26 1 0
github.com/Kush-Singh-26/kosh/builder/services/post_single.go:133.26,136.9 3 0
github.com/Kush-Singh-26/kosh/builder/services/post_single.go:139.2,139.12 1 0
github.com/Kush-Singh-26/kosh/builder/services/post_single.go:139.12,141.3 1 0
github.com/Kush-Singh-26/kosh/builder/services/post_single.go:143.2,148.30 5 0
github.com/Kush-Singh-26/kosh/builder/services/post_single.go:148.30,150.3 1 0
github.com/Kush-Singh-26/kosh/builder/services/post_single.go:152.2,152.20 1 0
github.com/Kush-Singh-26/kosh/builder/services/post_single.go:152.20,155.25 3 0
github.com/Kush-Singh-26/kosh/builder/services/post_single.go:155.25,157.4 1 0
github.com/Kush-Singh-26/kosh/builder/services/post_single.go:159.3,174.80 4 0
github.com/Kush-Singh-26/kosh/builder/services/post_single.go:174.80,176.4 1 0
github.com/Kush-Singh-26/kosh/builder/services/post_single.go:178.3,196.13 7 0
github.com/Kush-Singh-26/kosh/builder/services/post_single.go:196.13,199.84 3 0
github.com/Kush-Singh-26/kosh/builder/services/post_single.go:199.84,201.5 1 0
github.com/Kush-Singh-26/kosh/builder/services/post_single.go:202.4,202.27 1 0
github.com/Kush-Singh-26/kosh/builder/services/post_single.go:205.3,210.18 5 0
github.com/Kush-Singh-26/kosh/builder/services/post_single.go:210.18,211.70 1 0
github.com/Kush-Singh-26/kosh/builder/services/post_single.go:211.70,219.5 1 0
github.com/Kush-Singh-26/kosh/builder/services/post_single.go:223.2,225.47 3 0
github.com/Kush-Singh-26/kosh/builder/services/post_single.go:225.47,226.62 1 0
github.com/Kush-Singh-26/kosh/builder/services/post_single.go:226.62,228.56 2 0
github.com/Kush-Singh-26/kosh/builder/services/post_single.go:228.56,230.5 1 0
github.com/Kush-Singh-26/kosh/builder/services/post_single.go:232.3,232.34 1 0
github.com/Kush-Singh-26/kosh/builder/services/post_single.go:235.2,245.12 2 0
github.com/Kush-Singh-26/kosh/builder/services/post_social.go:12.64,14.72 2 4
github.com/Kush-Singh-26/kosh/builder/services/post_social.go:14.72,16.3 1 0
github.com/Kush-Singh-26/kosh/builder/services/post_social.go:18.2,19.43 2 4
github.com/Kush-Singh-26/kosh/builder/services/post_social.go:19.43,20.16 1 4
github.com/Kush-Singh-26/kosh/builder/services/post_social.go:20.16,21.47 1 4
github.com/Kush-Singh-26/kosh/builder/services/post_social.go:21.47,23.5 1 0
github.com/Kush-Singh-26/kosh/builder/services/post_social.go:25.3,25.74 1 4
github.com/Kush-Singh-26/kosh/builder/services/post_social.go:25.74,28.4 2 1
github.com/Kush-Singh-26/kosh/builder/services/post_social.go:29.3,29.22 1 4
github.com/Kush-Singh-26/kosh/builder/services/post_social.go:29.22,30.22 1 4
github.com/Kush-Singh-26/kosh/builder/services/post_social.go:30.22,32.5 1 4
github.com/Kush-Singh-26/kosh/builder/services/post_social.go:33.4,35.10 3 4
github.com/Kush-Singh-26/kosh/builder/services/post_social.go:36.9,38.4 1 0
github.com/Kush-Singh-26/kosh/builder/services/post_social.go:41.2,42.22 2 0
github.com/Kush-Singh-26/kosh/builder/services/post_social.go:42.22,44.3 1 0
github.com/Kush-Singh-26/kosh/builder/services/post_social.go:44.8,46.3 1 0
github.com/Kush-Singh-26/kosh/builder/services/post_social.go:48.2,48.20 1 0
github.com/Kush-Singh-26/kosh/builder/services/post_social.go:48.20,49.52 1 0
github.com/Kush-Singh-26/kosh/builder/services/post_social.go:49.52,50.22 1 0
github.com/Kush-Singh-26/kosh/builder/services/post_social.go:50.22,52.5 1 0
github.com/Kush-Singh-26/kosh/builder/services/post_social.go:53.9,54.55 1 0
github.com/Kush-Singh-26/kosh/builder/services/post_social.go:54.55,58.5 3 0
github.com/Kush-Singh-26/kosh/builder/services/post_social.go:58.10,60.5 1 0
github.com/Kush-Singh-26/kosh/builder/services/post_social.go:64.2,68.16 2 0
github.com/Kush-Singh-26/kosh/builder/services/post_social.go:68.16,70.50 2 0
github.com/Kush-Singh-26/kosh/builder/services/post_social.go:70.50,72.4 1 0
github.com/Kush-Singh-26/kosh/builder/services/post_social.go:74.3,75.17 2 0
github.com/Kush-Singh-26/kosh/builder/services/post_social.go:75.17,77.4 1 0
github.com/Kush-Singh-26/kosh/builder/services/post_social.go:77.9,77.71 1 0
github.com/Kush-Singh-26/kosh/builder/services/post_social.go:77.71,79.4 1 0
github.com/Kush-Singh-26/kosh/builder/services/post_social.go:79.9,82.4 2 0
github.com/Kush-Singh-26/kosh/builder/services/post_social.go:84.3,84.48 1 0
github.com/Kush-Singh-26/kosh/builder/services/post_social.go:84.48,86.4 1 0
github.com/Kush-Singh-26/kosh/builder/services/post_social.go:87.8,91.79 2 0
github.com/Kush-Singh-26/kosh/builder/services/post_social.go:91.79,93.4 1 0
github.com/Kush-Singh-26/kosh/builder/services/post_social.go:93.9,96.4 2 0
github.com/Kush-Singh-26/kosh/builder/services/render_service.go:19.82,24.2 1 11
github.com/Kush-Singh-26/kosh/builder/services/render_service.go:26.62,28.2 1 0
github.com/Kush-Singh-26/kosh/builder/services/render_service.go:30.54,33.2 2 0
github.com/Kush-Singh-26/kosh/builder/services/render_service.go:35.63,37.2 1 0
github.com/Kush-Singh-26/kosh/builder/services/render_service.go:39.75,40.26 1 1
github.com/Kush-Singh-26/kosh/builder/services/render_service.go:40.26,42.3 1 0
github.com/Kush-Singh-26/kosh/builder/services/render_service.go:43.2,43.30 1 1
github.com/Kush-Singh-26/kosh/builder/services/render_service.go:46.76,47.26 1 1
github.com/Kush-Singh-26/kosh/builder/services/render_service.go:47.26,49.3 1 0
github.com/Kush-Singh-26/kosh/builder/services/render_service.go:50.2,50.31 1 1
github.com/Kush-Singh-26/kosh/builder/services/render_service.go:53.74,55.2 1 1
github.com/Kush-Singh-26/kosh/builder/services/render_service.go:57.76,58.26 1 1
github.com/Kush-Singh-26/kosh/builder/services/render_service.go:58.26,60.3 1 0
github.com/Kush-Singh-26/kosh/builder/services/render_service.go:61.2,61.31 1 1
github.com/Kush-Singh-26/kosh/builder/services/render_service.go:64.82,66.2 1 0
github.com/Kush-Singh-26/kosh/builder/services/render_service.go:68.55,70.2 1 8
github.com/Kush-Singh-26/kosh/builder/services/render_service.go:72.65,74.2 1 3
github.com/Kush-Singh-26/kosh/builder/services/render_service.go:76.59,78.2 1 4
github.com/Kush-Singh-26/kosh/builder/services/render_service.go:80.64,82.2 1 5
github.com/Kush-Singh-26/kosh/builder/services/render_service.go:84.50,86.2 1 2
github.com/Kush-Singh-26/kosh/builder/services/render_service.go:88.47,90.2 1 0
github.com/Kush-Singh-26/kosh/builder/services/scanner.go:29.43,31.2 1 2
github.com/Kush-Singh-26/kosh/builder/services/scanner.go:33.186,58.35 6 2
github.com/Kush-Singh-26/kosh/builder/services/scanner.go:58.35,59.21 1 16
github.com/Kush-Singh-26/kosh/builder/services/scanner.go:59.21,60.25 1 16
github.com/Kush-Singh-26/kosh/builder/services/scanner.go:60.25,62.19 2 4
github.com/Kush-Singh-26/kosh/builder/services/scanner.go:62.19,63.14 1 0
github.com/Kush-Singh-26/kosh/builder/services/scanner.go:65.5,69.24 4 4
github.com/Kush-Singh-26/kosh/builder/services/scanner.go:69.24,71.6 1 0
github.com/Kush-Singh-26/kosh/builder/services/scanner.go:73.5,74.19 2 4
github.com/Kush-Singh-26/kosh/builder/services/scanner.go:74.19,75.14 1 0
github.com/Kush-Singh-26/kosh/builder/services/scanner.go:78.5,79.24 2 4
github.com/Kush-Singh-26/kosh/builder/services/scanner.go:79.24,80.14 1 0
github.com/Kush-Singh-26/kosh/builder/services/scanner.go:83.5,95.24 2 4
github.com/Kush-Singh-26/kosh/builder/services/scanner.go:95.24,96.13 1 4
github.com/Kush-Singh-26/kosh/builder/services/scanner.go:97.26,97.26 0 4
github.com/Kush-Singh-26/kosh/builder/services/scanner.go:98.25,99.24 1 0
github.com/Kush-Singh-26/kosh/builder/services/scanner.go:103.5,106.35 4 4
github.com/Kush-Singh-26/kosh/builder/services/scanner.go:106.35,109.6 2 0
github.com/Kush-Singh-26/kosh/builder/services/scanner.go:110.5,111.16 2 4
github.com/Kush-Singh-26/kosh/builder/services/scanner.go:113.4,113.14 1 16
github.com/Kush-Singh-26/kosh/builder/services/scanner.go:118.2,118.20 1 2
github.com/Kush-Singh-26/kosh/builder/services/scanner.go:118.20,120.113 2 2
github.com/Kush-Singh-26/kosh/builder/services/scanner.go:120.113,121.18 1 6
github.com/Kush-Singh-26/kosh/builder/services/scanner.go:121.18,123.5 1 0
github.com/Kush-Singh-26/kosh/builder/services/scanner.go:124.4,124.19 1 6
github.com/Kush-Singh-26/kosh/builder/services/scanner.go:124.19,126.5 1 0
github.com/Kush-Singh-26/kosh/builder/services/scanner.go:127.4,127.21 1 6
github.com/Kush-Singh-26/kosh/builder/services/scanner.go:127.21,128.96 1 4
github.com/Kush-Singh-26/kosh/builder/services/scanner.go:128.96,129.42 1 4
github.com/Kush-Singh-26/kosh/builder/services/scanner.go:129.42,134.7 4 0
github.com/Kush-Singh-26/kosh/builder/services/scanner.go:135.6,136.13 2 4
github.com/Kush-Singh-26/kosh/builder/services/scanner.go:137.46,137.46 0 4
github.com/Kush-Singh-26/kosh/builder/services/scanner.go:138.25,139.24 1 0
github.com/Kush-Singh-26/kosh/builder/services/scanner.go:143.6,143.34 1 4
github.com/Kush-Singh-26/kosh/builder/services/scanner.go:143.34,147.7 3 0
github.com/Kush-Singh-26/kosh/builder/services/scanner.go:148.6,148.16 1 4
github.com/Kush-Singh-26/kosh/builder/services/scanner.go:150.5,152.16 3 0
github.com/Kush-Singh-26/kosh/builder/services/scanner.go:154.4,154.14 1 2
github.com/Kush-Singh-26/kosh/builder/services/scanner.go:158.2,158.33 1 2
github.com/Kush-Singh-26/kosh/builder/services/scanner.go:158.33,160.3 1 0
github.com/Kush-Singh-26/kosh/builder/services/scanner.go:162.2,169.8 1 2
github.com/Kush-Singh-26/kosh/builder/services/scanner.go:172.206,174.20 2 4
github.com/Kush-Singh-26/kosh/builder/services/scanner.go:174.20,176.3 1 0
github.com/Kush-Singh-26/kosh/builder/services/scanner.go:178.2,180.60 3 4
github.com/Kush-Singh-26/kosh/builder/services/scanner.go:180.60,182.3 1 0
github.com/Kush-Singh-26/kosh/builder/services/scanner.go:184.2,190.59 7 4
github.com/Kush-Singh-26/kosh/builder/services/scanner.go:190.59,192.3 1 0
github.com/Kush-Singh-26/kosh/builder/services/scanner.go:193.2,229.62 9 4
